cd verus-mimalloc && VERUS_PATH=verus ./verify.sh
warning: #[verus_spec] is likely used inside a verus! block.
                     Consider move it out of verus! or remove #[verus_spec].
   --> init.rs:246:5
    |
246 |     #[verus_verify]
    |     ^^^^^^^^^^^^^^^
    |
    = note: this warning originates in the attribute macro `verus_spec` (in Nightly builds, run with -Z macro-backtrace for more info)

warning: #[verus_spec] is likely used inside a verus! block.
                     Consider move it out of verus! or remove #[verus_spec].
   --> init.rs:290:1
    |
290 | #[verus_verify]
    | ^^^^^^^^^^^^^^^
    |
    = note: this warning originates in the attribute macro `verus_spec` (in Nightly builds, run with -Z macro-backtrace for more info)

warning: #[verus_spec] is likely used inside a verus! block.
                     Consider move it out of verus! or remove #[verus_spec].
   --> init.rs:390:9
    |
390 |         reveal(size_of_bin);
    |         ^^^^^^
    |
    = note: this warning originates in the attribute macro `verus_spec` (in Nightly builds, run with -Z macro-backtrace for more info)

warning: #[verus_spec] is likely used inside a verus! block.
                     Consider move it out of verus! or remove #[verus_spec].
   --> init.rs:697:1
    |
697 | #[verus_verify]
    | ^^^^^^^^^^^^^^^
    |
    = note: this warning originates in the attribute macro `verus_spec` (in Nightly builds, run with -Z macro-backtrace for more info)

warning: #[verus_spec] is likely used inside a verus! block.
                     Consider move it out of verus! or remove #[verus_spec].
   --> init.rs:836:1
    |
836 | #[verus_verify]
    | ^^^^^^^^^^^^^^^
    |
    = note: this warning originates in the attribute macro `verus_spec` (in Nightly builds, run with -Z macro-backtrace for more info)

warning: #[verus_spec] is likely used inside a verus! block.
                     Consider move it out of verus! or remove #[verus_spec].
   --> init.rs:878:1
    |
878 | #[verus_verify]
    | ^^^^^^^^^^^^^^^
    |
    = note: this warning originates in the attribute macro `verus_spec` (in Nightly builds, run with -Z macro-backtrace for more info)

warning: #[verus_spec] is likely used inside a verus! block.
                     Consider move it out of verus! or remove #[verus_spec].
    --> init.rs:1041:1
     |
1041 | #[verus_verify]
     | ^^^^^^^^^^^^^^^
     |
     = note: this warning originates in the attribute macro `verus_spec` (in Nightly builds, run with -Z macro-backtrace for more info)

warning: #[verus_spec] is likely used inside a verus! block.
                     Consider move it out of verus! or remove #[verus_spec].
    --> init.rs:1048:1
     |
1048 | #[verus_verify]
     | ^^^^^^^^^^^^^^^
     |
     = note: this warning originates in the attribute macro `verus_spec` (in Nightly builds, run with -Z macro-backtrace for more info)

warning: #[verus_spec] is likely used inside a verus! block.
                     Consider move it out of verus! or remove #[verus_spec].
  --> os_alloc.rs:45:1
   |
45 | #[verus_verify]
   | ^^^^^^^^^^^^^^^
   |
   = note: this warning originates in the attribute macro `verus_spec` (in Nightly builds, run with -Z macro-backtrace for more info)

warning: #[verus_spec] is likely used inside a verus! block.
                     Consider move it out of verus! or remove #[verus_spec].
   --> os_alloc.rs:187:1
    |
187 | #[verus_verify]
    | ^^^^^^^^^^^^^^^
    |
    = note: this warning originates in the attribute macro `verus_spec` (in Nightly builds, run with -Z macro-backtrace for more info)

warning: #[verus_spec] is likely used inside a verus! block.
                     Consider move it out of verus! or remove #[verus_spec].
   --> os_alloc.rs:224:1
    |
224 | #[verus_verify]
    | ^^^^^^^^^^^^^^^
    |
    = note: this warning originates in the attribute macro `verus_spec` (in Nightly builds, run with -Z macro-backtrace for more info)

warning: #[verus_spec] is likely used inside a verus! block.
                     Consider move it out of verus! or remove #[verus_spec].
   --> os_alloc.rs:231:1
    |
231 | #[verus_verify]
    | ^^^^^^^^^^^^^^^
    |
    = note: this warning originates in the attribute macro `verus_spec` (in Nightly builds, run with -Z macro-backtrace for more info)

warning: #[verus_spec] is likely used inside a verus! block.
                     Consider move it out of verus! or remove #[verus_spec].
   --> os_alloc.rs:241:1
    |
241 | #[verus_verify]
    | ^^^^^^^^^^^^^^^
    |
    = note: this warning originates in the attribute macro `verus_spec` (in Nightly builds, run with -Z macro-backtrace for more info)

warning: #[verus_spec] is likely used inside a verus! block.
                     Consider move it out of verus! or remove #[verus_spec].
  --> os_commit.rs:68:1
   |
68 | #[verus_verify]
   | ^^^^^^^^^^^^^^^
   |
   = note: this warning originates in the attribute macro `verus_spec` (in Nightly builds, run with -Z macro-backtrace for more info)

warning: #[verus_spec] is likely used inside a verus! block.
                     Consider move it out of verus! or remove #[verus_spec].
  --> commit_segment.rs:82:1
   |
82 | #[verus_verify]
   | ^^^^^^^^^^^^^^^
   |
   = note: this warning originates in the attribute macro `verus_spec` (in Nightly builds, run with -Z macro-backtrace for more info)

warning: #[verus_spec] is likely used inside a verus! block.
                     Consider move it out of verus! or remove #[verus_spec].
   --> commit_segment.rs:104:1
    |
104 | #[verus_verify]
    | ^^^^^^^^^^^^^^^
    |
    = note: this warning originates in the attribute macro `verus_spec` (in Nightly builds, run with -Z macro-backtrace for more info)

warning: #[verus_spec] is likely used inside a verus! block.
                     Consider move it out of verus! or remove #[verus_spec].
   --> commit_segment.rs:289:1
    |
289 | #[verus_verify]
    | ^^^^^^^^^^^^^^^
    |
    = note: this warning originates in the attribute macro `verus_spec` (in Nightly builds, run with -Z macro-backtrace for more info)

warning: #[verus_spec] is likely used inside a verus! block.
                     Consider move it out of verus! or remove #[verus_spec].
   --> commit_segment.rs:367:1
    |
367 | #[verus_verify]
    | ^^^^^^^^^^^^^^^
    |
    = note: this warning originates in the attribute macro `verus_spec` (in Nightly builds, run with -Z macro-backtrace for more info)

warning: #[verus_spec] is likely used inside a verus! block.
                     Consider move it out of verus! or remove #[verus_spec].
   --> segment.rs:134:1
    |
134 | #[verus_verify]
    | ^^^^^^^^^^^^^^^
    |
    = note: this warning originates in the attribute macro `verus_spec` (in Nightly builds, run with -Z macro-backtrace for more info)

warning: #[verus_spec] is likely used inside a verus! block.
                     Consider move it out of verus! or remove #[verus_spec].
   --> segment.rs:836:1
    |
836 | #[verus_verify]
    | ^^^^^^^^^^^^^^^
    |
    = note: this warning originates in the attribute macro `verus_spec` (in Nightly builds, run with -Z macro-backtrace for more info)

warning: #[verus_spec] is likely used inside a verus! block.
                     Consider move it out of verus! or remove #[verus_spec].
   --> segment.rs:983:1
    |
983 | #[verus_verify]
    | ^^^^^^^^^^^^^^^
    |
    = note: this warning originates in the attribute macro `verus_spec` (in Nightly builds, run with -Z macro-backtrace for more info)

warning: #[verus_spec] is likely used inside a verus! block.
                     Consider move it out of verus! or remove #[verus_spec].
    --> segment.rs:1061:1
     |
1061 | #[verus_verify]
     | ^^^^^^^^^^^^^^^
     |
     = note: this warning originates in the attribute macro `verus_spec` (in Nightly builds, run with -Z macro-backtrace for more info)

warning: #[verus_spec] is likely used inside a verus! block.
                     Consider move it out of verus! or remove #[verus_spec].
   --> commit_mask.rs:373:5
    |
373 |     #[verus_verify]
    |     ^^^^^^^^^^^^^^^
    |
    = note: this warning originates in the attribute macro `verus_spec` (in Nightly builds, run with -Z macro-backtrace for more info)

warning: #[verus_spec] is likely used inside a verus! block.
                     Consider move it out of verus! or remove #[verus_spec].
   --> commit_mask.rs:383:5
    |
383 |     #[verus_verify]
    |     ^^^^^^^^^^^^^^^
    |
    = note: this warning originates in the attribute macro `verus_spec` (in Nightly builds, run with -Z macro-backtrace for more info)

warning: #[verus_spec] is likely used inside a verus! block.
                     Consider move it out of verus! or remove #[verus_spec].
   --> commit_mask.rs:400:5
    |
400 |     #[verus_verify]
    |     ^^^^^^^^^^^^^^^
    |
    = note: this warning originates in the attribute macro `verus_spec` (in Nightly builds, run with -Z macro-backtrace for more info)

warning: #[verus_spec] is likely used inside a verus! block.
                     Consider move it out of verus! or remove #[verus_spec].
   --> commit_mask.rs:417:5
    |
417 |     #[verus_verify]
    |     ^^^^^^^^^^^^^^^
    |
    = note: this warning originates in the attribute macro `verus_spec` (in Nightly builds, run with -Z macro-backtrace for more info)

warning: #[verus_spec] is likely used inside a verus! block.
                     Consider move it out of verus! or remove #[verus_spec].
   --> commit_mask.rs:448:5
    |
448 |     #[verus_verify]
    |     ^^^^^^^^^^^^^^^
    |
    = note: this warning originates in the attribute macro `verus_spec` (in Nightly builds, run with -Z macro-backtrace for more info)

warning: #[verus_spec] is likely used inside a verus! block.
                     Consider move it out of verus! or remove #[verus_spec].
   --> commit_mask.rs:465:5
    |
465 |     #[verus_verify]
    |     ^^^^^^^^^^^^^^^
    |
    = note: this warning originates in the attribute macro `verus_spec` (in Nightly builds, run with -Z macro-backtrace for more info)

warning: #[verus_spec] is likely used inside a verus! block.
                     Consider move it out of verus! or remove #[verus_spec].
   --> commit_mask.rs:707:5
    |
707 |     #[verus_verify]
    |     ^^^^^^^^^^^^^^^
    |
    = note: this warning originates in the attribute macro `verus_spec` (in Nightly builds, run with -Z macro-backtrace for more info)

warning: #[verus_spec] is likely used inside a verus! block.
                     Consider move it out of verus! or remove #[verus_spec].
   --> commit_mask.rs:721:5
    |
721 |     #[verus_verify]
    |     ^^^^^^^^^^^^^^^
    |
    = note: this warning originates in the attribute macro `verus_spec` (in Nightly builds, run with -Z macro-backtrace for more info)

warning: #[verus_spec] is likely used inside a verus! block.
                     Consider move it out of verus! or remove #[verus_spec].
   --> commit_mask.rs:741:5
    |
741 |     #[verus_verify]
    |     ^^^^^^^^^^^^^^^
    |
    = note: this warning originates in the attribute macro `verus_spec` (in Nightly builds, run with -Z macro-backtrace for more info)

warning: #[verus_spec] is likely used inside a verus! block.
                     Consider move it out of verus! or remove #[verus_spec].
    --> commit_mask.rs:1003:5
     |
1003 |     #[verus_verify]
     |     ^^^^^^^^^^^^^^^
     |
     = note: this warning originates in the attribute macro `verus_spec` (in Nightly builds, run with -Z macro-backtrace for more info)

warning: #[verus_spec] is likely used inside a verus! block.
                     Consider move it out of verus! or remove #[verus_spec].
    --> commit_mask.rs:1020:5
     |
1020 |     #[verus_verify]
     |     ^^^^^^^^^^^^^^^
     |
     = note: this warning originates in the attribute macro `verus_spec` (in Nightly builds, run with -Z macro-backtrace for more info)

warning: #[verus_spec] is likely used inside a verus! block.
                     Consider move it out of verus! or remove #[verus_spec].
   --> linked_list.rs:199:5
    |
199 |     #[verus_verify]
    |     ^^^^^^^^^^^^^^^
    |
    = note: this warning originates in the attribute macro `verus_spec` (in Nightly builds, run with -Z macro-backtrace for more info)

warning: #[verus_spec] is likely used inside a verus! block.
                     Consider move it out of verus! or remove #[verus_spec].
   --> linked_list.rs:205:17
    |
205 |         proof { reveal(LL::first_addr); }
    |                 ^^^^^^
    |
    = note: this warning originates in the attribute macro `verus_spec` (in Nightly builds, run with -Z macro-backtrace for more info)

warning: #[verus_spec] is likely used inside a verus! block.
                     Consider move it out of verus! or remove #[verus_spec].
    --> linked_list.rs:1137:1
     |
1137 | #[verus_verify]
     | ^^^^^^^^^^^^^^^
     |
     = note: this warning originates in the attribute macro `verus_spec` (in Nightly builds, run with -Z macro-backtrace for more info)

warning: #[verus_spec] is likely used inside a verus! block.
                     Consider move it out of verus! or remove #[verus_spec].
    --> linked_list.rs:1155:1
     |
1155 | #[verus_verify]
     | ^^^^^^^^^^^^^^^
     |
     = note: this warning originates in the attribute macro `verus_spec` (in Nightly builds, run with -Z macro-backtrace for more info)

warning: #[verus_spec] is likely used inside a verus! block.
                     Consider move it out of verus! or remove #[verus_spec].
    --> linked_list.rs:1173:1
     |
1173 | #[verus_verify]
     | ^^^^^^^^^^^^^^^
     |
     = note: this warning originates in the attribute macro `verus_spec` (in Nightly builds, run with -Z macro-backtrace for more info)

warning: #[verus_spec] is likely used inside a verus! block.
                     Consider move it out of verus! or remove #[verus_spec].
    --> linked_list.rs:1191:1
     |
1191 | #[verus_verify]
     | ^^^^^^^^^^^^^^^
     |
     = note: this warning originates in the attribute macro `verus_spec` (in Nightly builds, run with -Z macro-backtrace for more info)

warning: #[verus_spec] is likely used inside a verus! block.
                     Consider move it out of verus! or remove #[verus_spec].
    --> linked_list.rs:1215:1
     |
1215 | #[verus_verify]
     | ^^^^^^^^^^^^^^^
     |
     = note: this warning originates in the attribute macro `verus_spec` (in Nightly builds, run with -Z macro-backtrace for more info)

warning: #[verus_spec] is likely used inside a verus! block.
                     Consider move it out of verus! or remove #[verus_spec].
    --> linked_list.rs:1236:1
     |
1236 | #[verus_verify]
     | ^^^^^^^^^^^^^^^
     |
     = note: this warning originates in the attribute macro `verus_spec` (in Nightly builds, run with -Z macro-backtrace for more info)

warning: #[verus_spec] is likely used inside a verus! block.
                     Consider move it out of verus! or remove #[verus_spec].
   --> bin_sizes.rs:479:1
    |
479 | #[verus_verify]
    | ^^^^^^^^^^^^^^^
    |
    = note: this warning originates in the attribute macro `verus_spec` (in Nightly builds, run with -Z macro-backtrace for more info)

warning: #[verus_spec] is likely used inside a verus! block.
                     Consider move it out of verus! or remove #[verus_spec].
   --> bin_sizes.rs:700:1
    |
700 | #[verus_verify]
    | ^^^^^^^^^^^^^^^
    |
    = note: this warning originates in the attribute macro `verus_spec` (in Nightly builds, run with -Z macro-backtrace for more info)

warning: #[verus_spec] is likely used inside a verus! block.
                     Consider move it out of verus! or remove #[verus_spec].
  --> config.rs:96:1
   |
96 | #[verus_verify]
   | ^^^^^^^^^^^^^^^
   |
   = note: this warning originates in the attribute macro `verus_spec` (in Nightly builds, run with -Z macro-backtrace for more info)

warning: #[verus_spec] is likely used inside a verus! block.
                     Consider move it out of verus! or remove #[verus_spec].
   --> config.rs:100:1
    |
100 | #[verus_verify]
    | ^^^^^^^^^^^^^^^
    |
    = note: this warning originates in the attribute macro `verus_spec` (in Nightly builds, run with -Z macro-backtrace for more info)

warning: #[verus_spec] is likely used inside a verus! block.
                     Consider move it out of verus! or remove #[verus_spec].
   --> config.rs:104:1
    |
104 | #[verus_verify]
    | ^^^^^^^^^^^^^^^
    |
    = note: this warning originates in the attribute macro `verus_spec` (in Nightly builds, run with -Z macro-backtrace for more info)

warning: #[verus_spec] is likely used inside a verus! block.
                     Consider move it out of verus! or remove #[verus_spec].
   --> config.rs:108:1
    |
108 | #[verus_verify]
    | ^^^^^^^^^^^^^^^
    |
    = note: this warning originates in the attribute macro `verus_spec` (in Nightly builds, run with -Z macro-backtrace for more info)

warning: #[verus_spec] is likely used inside a verus! block.
                     Consider move it out of verus! or remove #[verus_spec].
   --> config.rs:116:1
    |
116 | #[verus_verify]
    | ^^^^^^^^^^^^^^^
    |
    = note: this warning originates in the attribute macro `verus_spec` (in Nightly builds, run with -Z macro-backtrace for more info)

warning: #[verus_spec] is likely used inside a verus! block.
                     Consider move it out of verus! or remove #[verus_spec].
   --> config.rs:120:1
    |
120 | #[verus_verify]
    | ^^^^^^^^^^^^^^^
    |
    = note: this warning originates in the attribute macro `verus_spec` (in Nightly builds, run with -Z macro-backtrace for more info)

warning: #[verus_spec] is likely used inside a verus! block.
                     Consider move it out of verus! or remove #[verus_spec].
   --> layout.rs:396:1
    |
396 | #[verus_verify]
    | ^^^^^^^^^^^^^^^
    |
    = note: this warning originates in the attribute macro `verus_spec` (in Nightly builds, run with -Z macro-backtrace for more info)

warning: #[verus_spec] is likely used inside a verus! block.
                     Consider move it out of verus! or remove #[verus_spec].
   --> layout.rs:406:9
    |
406 |         reveal(is_block_ptr1);
    |         ^^^^^^
    |
    = note: this warning originates in the attribute macro `verus_spec` (in Nightly builds, run with -Z macro-backtrace for more info)

warning: #[verus_spec] is likely used inside a verus! block.
                     Consider move it out of verus! or remove #[verus_spec].
   --> layout.rs:423:9
    |
423 |         reveal(is_block_ptr1);
    |         ^^^^^^
    |
    = note: this warning originates in the attribute macro `verus_spec` (in Nightly builds, run with -Z macro-backtrace for more info)

warning: #[verus_spec] is likely used inside a verus! block.
                     Consider move it out of verus! or remove #[verus_spec].
   --> layout.rs:505:1
    |
505 | #[verus_verify]
    | ^^^^^^^^^^^^^^^
    |
    = note: this warning originates in the attribute macro `verus_spec` (in Nightly builds, run with -Z macro-backtrace for more info)

warning: #[verus_spec] is likely used inside a verus! block.
                     Consider move it out of verus! or remove #[verus_spec].
   --> layout.rs:516:9
    |
516 |         reveal(is_block_ptr1);
    |         ^^^^^^
    |
    = note: this warning originates in the attribute macro `verus_spec` (in Nightly builds, run with -Z macro-backtrace for more info)

warning: #[verus_spec] is likely used inside a verus! block.
                     Consider move it out of verus! or remove #[verus_spec].
   --> layout.rs:532:9
    |
532 |         reveal(is_block_ptr1);
    |         ^^^^^^
    |
    = note: this warning originates in the attribute macro `verus_spec` (in Nightly builds, run with -Z macro-backtrace for more info)

warning: #[verus_spec] is likely used inside a verus! block.
                     Consider move it out of verus! or remove #[verus_spec].
   --> layout.rs:578:9
    |
578 |         reveal(is_block_ptr1);
    |         ^^^^^^
    |
    = note: this warning originates in the attribute macro `verus_spec` (in Nightly builds, run with -Z macro-backtrace for more info)

warning: #[verus_spec] is likely used inside a verus! block.
                     Consider move it out of verus! or remove #[verus_spec].
   --> layout.rs:621:1
    |
621 | #[verus_verify]
    | ^^^^^^^^^^^^^^^
    |
    = note: this warning originates in the attribute macro `verus_spec` (in Nightly builds, run with -Z macro-backtrace for more info)

warning: #[verus_spec] is likely used inside a verus! block.
                     Consider move it out of verus! or remove #[verus_spec].
   --> layout.rs:701:1
    |
701 | #[verus_verify]
    | ^^^^^^^^^^^^^^^
    |
    = note: this warning originates in the attribute macro `verus_spec` (in Nightly builds, run with -Z macro-backtrace for more info)

warning: #[verus_spec] is likely used inside a verus! block.
                     Consider move it out of verus! or remove #[verus_spec].
   --> layout.rs:718:1
    |
718 | #[verus_verify]
    | ^^^^^^^^^^^^^^^
    |
    = note: this warning originates in the attribute macro `verus_spec` (in Nightly builds, run with -Z macro-backtrace for more info)

warning: #[verus_spec] is likely used inside a verus! block.
                     Consider move it out of verus! or remove #[verus_spec].
   --> layout.rs:784:1
    |
784 | #[verus_verify]
    | ^^^^^^^^^^^^^^^
    |
    = note: this warning originates in the attribute macro `verus_spec` (in Nightly builds, run with -Z macro-backtrace for more info)

warning: #[verus_spec] is likely used inside a verus! block.
                     Consider move it out of verus! or remove #[verus_spec].
   --> layout.rs:874:9
    |
874 |         reveal(crate::layout::start_offset);
    |         ^^^^^^
    |
    = note: this warning originates in the attribute macro `verus_spec` (in Nightly builds, run with -Z macro-backtrace for more info)

warning: #[verus_spec] is likely used inside a verus! block.
                     Consider move it out of verus! or remove #[verus_spec].
   --> layout.rs:913:1
    |
913 | #[verus_verify]
    | ^^^^^^^^^^^^^^^
    |
    = note: this warning originates in the attribute macro `verus_spec` (in Nightly builds, run with -Z macro-backtrace for more info)

warning: #[verus_spec] is likely used inside a verus! block.
                     Consider move it out of verus! or remove #[verus_spec].
   --> layout.rs:981:1
    |
981 | #[verus_verify]
    | ^^^^^^^^^^^^^^^
    |
    = note: this warning originates in the attribute macro `verus_spec` (in Nightly builds, run with -Z macro-backtrace for more info)

warning: #[verus_spec] is likely used inside a verus! block.
                     Consider move it out of verus! or remove #[verus_spec].
    --> layout.rs:1083:5
     |
1083 |     #[verus_verify]
     |     ^^^^^^^^^^^^^^^
     |
     = note: this warning originates in the attribute macro `verus_spec` (in Nightly builds, run with -Z macro-backtrace for more info)

warning: #[verus_spec] is likely used inside a verus! block.
                     Consider move it out of verus! or remove #[verus_spec].
    --> layout.rs:1156:1
     |
1156 | #[verus_verify]
     | ^^^^^^^^^^^^^^^
     |
     = note: this warning originates in the attribute macro `verus_spec` (in Nightly builds, run with -Z macro-backtrace for more info)

warning: #[verus_spec] is likely used inside a verus! block.
                     Consider move it out of verus! or remove #[verus_spec].
  --> flags.rs:36:5
   |
36 |     #[verus_verify]
   |     ^^^^^^^^^^^^^^^
   |
   = note: this warning originates in the attribute macro `verus_spec` (in Nightly builds, run with -Z macro-backtrace for more info)

warning: #[verus_spec] is likely used inside a verus! block.
                     Consider move it out of verus! or remove #[verus_spec].
  --> flags.rs:58:5
   |
58 |     #[verus_verify]
   |     ^^^^^^^^^^^^^^^
   |
   = note: this warning originates in the attribute macro `verus_spec` (in Nightly builds, run with -Z macro-backtrace for more info)

warning: #[verus_spec] is likely used inside a verus! block.
                     Consider move it out of verus! or remove #[verus_spec].
  --> flags.rs:88:5
   |
88 |     #[verus_verify]
   |     ^^^^^^^^^^^^^^^
   |
   = note: this warning originates in the attribute macro `verus_spec` (in Nightly builds, run with -Z macro-backtrace for more info)

warning: #[verus_spec] is likely used inside a verus! block.
                     Consider move it out of verus! or remove #[verus_spec].
    --> types.rs:1063:5
     |
1063 |     #[verus_verify]
     |     ^^^^^^^^^^^^^^^
     |
     = note: this warning originates in the attribute macro `verus_spec` (in Nightly builds, run with -Z macro-backtrace for more info)

warning: #[verus_spec] is likely used inside a verus! block.
                     Consider move it out of verus! or remove #[verus_spec].
    --> types.rs:1217:5
     |
1217 |     #[verus_verify]
     |     ^^^^^^^^^^^^^^^
     |
     = note: this warning originates in the attribute macro `verus_spec` (in Nightly builds, run with -Z macro-backtrace for more info)

warning: #[verus_spec] is likely used inside a verus! block.
                     Consider move it out of verus! or remove #[verus_spec].
    --> types.rs:1234:5
     |
1234 |     #[verus_verify]
     |     ^^^^^^^^^^^^^^^
     |
     = note: this warning originates in the attribute macro `verus_spec` (in Nightly builds, run with -Z macro-backtrace for more info)

warning: #[verus_spec] is likely used inside a verus! block.
                     Consider move it out of verus! or remove #[verus_spec].
    --> types.rs:1290:5
     |
1290 |     #[verus_verify]
     |     ^^^^^^^^^^^^^^^
     |
     = note: this warning originates in the attribute macro `verus_spec` (in Nightly builds, run with -Z macro-backtrace for more info)

warning: #[verus_spec] is likely used inside a verus! block.
                     Consider move it out of verus! or remove #[verus_spec].
    --> types.rs:1318:5
     |
1318 |     #[verus_verify]
     |     ^^^^^^^^^^^^^^^
     |
     = note: this warning originates in the attribute macro `verus_spec` (in Nightly builds, run with -Z macro-backtrace for more info)

warning: #[verus_spec] is likely used inside a verus! block.
                     Consider move it out of verus! or remove #[verus_spec].
    --> types.rs:1390:5
     |
1390 |     #[verus_verify]
     |     ^^^^^^^^^^^^^^^
     |
     = note: this warning originates in the attribute macro `verus_spec` (in Nightly builds, run with -Z macro-backtrace for more info)

warning: #[verus_spec] is likely used inside a verus! block.
                     Consider move it out of verus! or remove #[verus_spec].
    --> types.rs:1568:5
     |
1568 |     #[verus_verify]
     |     ^^^^^^^^^^^^^^^
     |
     = note: this warning originates in the attribute macro `verus_spec` (in Nightly builds, run with -Z macro-backtrace for more info)

warning: #[verus_spec] is likely used inside a verus! block.
                     Consider move it out of verus! or remove #[verus_spec].
    --> types.rs:1576:5
     |
1576 |     #[verus_verify]
     |     ^^^^^^^^^^^^^^^
     |
     = note: this warning originates in the attribute macro `verus_spec` (in Nightly builds, run with -Z macro-backtrace for more info)

warning: #[verus_spec] is likely used inside a verus! block.
                     Consider move it out of verus! or remove #[verus_spec].
  --> os_mem.rs:11:1
   |
11 | #[verus_verify]
   | ^^^^^^^^^^^^^^^
   |
   = note: this warning originates in the attribute macro `verus_spec` (in Nightly builds, run with -Z macro-backtrace for more info)

verification results:: 718 verified, 0 errors
warning: 77 warnings emitted

(use --output-json for machine-readable output)
verus-build-info
Verus
  Version: 0.2026.06.28.1847ab3
  Profile: release
  Platform: linux_x86_64
  Toolchain: 1.96.0-x86_64-unknown-linux-gnu

total-time:           56252 ms    (estimated total cpu time 118892 ms)
    rust-time:                8450 ms
        init-and-types:           5432 ms
        trait-conflicts:            70 ms
        compile-time:             2947 ms
    verification-time:       46916 ms
        vir-time:                 3673 ms
            hir-time:                  543 ms
            import-time:               202 ms
            rust-to-vir:               919 ms
        verify-crate-time:       43243 ms
    unaccounted-time:          885 ms

verify-crate-time-breakdown
    total verify-time:         105545 ms   (62 threads)
        total air-time:             17251 ms   (62 threads)
        total smt-time:             55927 ms   (62 threads)
            total smt-init:                19 ms,   248937 rlimit (62 threads)
            total smt-run:              55908 ms, 291147312 rlimit (62 threads)
