live_external_body_locations=
verus-mimalloc/lib.rs:57:#[verifier::external_body]
verus-mimalloc/lib.rs:96:#[verifier::external_body]
verus-mimalloc/lib.rs:183:#[verifier::external_body]
verus-mimalloc/init.rs:1300:#[verifier::external_body]
verus-mimalloc/os_mem.rs:17:#[verifier(external_body)]
verus-mimalloc/os_mem.rs:124:#[verifier::external_body]
verus-mimalloc/os_mem.rs:142:#[verifier::external_body]
verus-mimalloc/os_mem.rs:162:#[verifier::external_body]
verus-mimalloc/os_mem.rs:183:#[verifier::external_body]
verus-mimalloc/os_mem.rs:272:#[verifier::external_body]
verus-mimalloc/types.rs:185:#[verifier::external_body]
verus-mimalloc/types.rs:884:    #[verifier::external_body]
verus-mimalloc/types.rs:893:    #[verifier::external_body]
verus-mimalloc/types.rs:4613:#[verifier::external_body]
verus-mimalloc/types.rs:4621:#[verifier::external_body]
verus-mimalloc/types.rs:4630:#[verifier::external_body]
verus-mimalloc/thread.rs:18:#[verifier(external_body)]
verus-mimalloc/thread.rs:31:#[verifier(external_body)]
verus-mimalloc/thread.rs:42:    #[verifier(external_body)]
verus-mimalloc/thread.rs:47:    #[verifier(external_body)]
verus-mimalloc/thread.rs:74:#[verifier::external_body]
verus-mimalloc/thread.rs:89:#[verifier::external_body]
verus-mimalloc/thread.rs:102:#[verifier::external_body]
verus-mimalloc/commit_mask.rs:977:#[verifier::external_body]
verus-mimalloc/segment.rs:3140:#[verifier::external_body]
verus-mimalloc/linked_list.rs:180:#[verifier::external_body]
verus-mimalloc/linked_list.rs:1815:#[verifier::external_body]
verus-mimalloc/linked_list.rs:1833:#[verifier::external_body]
verus-mimalloc/linked_list.rs:2536:#[verifier::external_body]
verus-mimalloc/linked_list.rs:2640:#[verifier::external_body]
verus-mimalloc/linked_list.rs:2669:    #[verifier::external_body]
verus-mimalloc/linked_list.rs:2761:#[verifier::external_body]
verus-mimalloc/linked_list.rs:2778:#[verifier::external_body]
verus-mimalloc/linked_list.rs:2809:#[verifier::external_body]
verus-mimalloc/linked_list.rs:2874:#[verifier::external_body]
verus-mimalloc/linked_list.rs:3020:#[verifier::external_body]
verus-mimalloc/linked_list.rs:3024:#[verifier::external_body]
verus-mimalloc/linked_list.rs:3211:#[verifier::external_body]
verus-mimalloc/linked_list.rs:3266:#[verifier::external_body]
verus-mimalloc/linked_list.rs:3818:#[verifier::external_body]
verus-mimalloc/os_mem_util.rs:16:    #[verifier::external_body]
live_assume_false_locations=
verus-mimalloc/bitmap.rs:93:        assume(false); loop { }
verus-mimalloc/config.rs:136://pub fn option_decommit_delay() -> i64 { assume(false); 1 /*25*/ }
verus-mimalloc/config.rs:137://pub fn option_decommit_extend_delay() -> i64 { assume(false); 0 /*1*/ }
live_uninterp_locations=
verus-mimalloc/os_mem.rs:113:    pub uninterp spec fn view(self) -> OsMemData;
verus-mimalloc/thread.rs:37:    pub uninterp spec fn view(&self) -> ThreadId;
live_assume_locations=
verus-mimalloc/bin_sizes.rs:142:        // the lemmas on bin sizes assume each bin has a lower bound and upper bound
verus-mimalloc/bitmap.rs:93:        assume(false); loop { }
verus-mimalloc/bitmap.rs:198:                            assume(!has_bit(old_v, i - usize::BITS * field_idx));
verus-mimalloc/bitmap.rs:204:                        assume(bitidx + count < usize::BITS);
verus-mimalloc/bitmap.rs:286:                    assume(tz + 1 >= bitidx);
verus-mimalloc/config.rs:136://pub fn option_decommit_delay() -> i64 { assume(false); 1 /*25*/ }
verus-mimalloc/config.rs:137://pub fn option_decommit_extend_delay() -> i64 { assume(false); 0 /*1*/ }
live_admit_locations=
live_unimplemented_locations=
verus-mimalloc/types.rs:890:        unimplemented!();
verus-mimalloc/types.rs:899:        unimplemented!();
verus-mimalloc/thread.rs:45:    { unimplemented!(); }
verus-mimalloc/thread.rs:50:    { unimplemented!(); }
verus-mimalloc/thread.rs:105:    unimplemented!();
verus-mimalloc/linked_list.rs:2691:        unimplemented!();
verus-mimalloc/os_mem_util.rs:19:        unimplemented!();
