### remaining external_body
verus-mimalloc/lib.rs:57:#[verifier::external_body]
verus-mimalloc/lib.rs:96:#[verifier::external_body]
verus-mimalloc/lib.rs:183:#[verifier::external_body]
verus-mimalloc/init.rs:1300:#[verifier::external_body]
verus-mimalloc/os_mem.rs:124:#[verifier::external_body]
verus-mimalloc/os_mem.rs:142:#[verifier::external_body]
verus-mimalloc/os_mem.rs:162:#[verifier::external_body]
verus-mimalloc/os_mem.rs:183:#[verifier::external_body]
verus-mimalloc/os_mem.rs:272:#[verifier::external_body]
verus-mimalloc/types.rs:185:#[verifier::external_body]
verus-mimalloc/types.rs:884:    #[verifier::external_body]
verus-mimalloc/types.rs:893:    #[verifier::external_body]
verus-mimalloc/types.rs:4613:#[verifier::external_body]
verus-mimalloc/types.rs:4621:#[verifier::external_body]
verus-mimalloc/types.rs:4630:#[verifier::external_body]
verus-mimalloc/thread.rs:74:#[verifier::external_body]
verus-mimalloc/thread.rs:89:#[verifier::external_body]
verus-mimalloc/thread.rs:102:#[verifier::external_body]
verus-mimalloc/commit_mask.rs:977:#[verifier::external_body]
verus-mimalloc/segment.rs:3140:#[verifier::external_body]
verus-mimalloc/linked_list.rs:180:#[verifier::external_body]
verus-mimalloc/linked_list.rs:1815:#[verifier::external_body]
verus-mimalloc/linked_list.rs:1833:#[verifier::external_body]
verus-mimalloc/linked_list.rs:2536:#[verifier::external_body]
verus-mimalloc/linked_list.rs:2640:#[verifier::external_body]
verus-mimalloc/linked_list.rs:2669:    #[verifier::external_body]
verus-mimalloc/linked_list.rs:2761:#[verifier::external_body]
verus-mimalloc/linked_list.rs:2778:#[verifier::external_body]
verus-mimalloc/linked_list.rs:2809:#[verifier::external_body]
verus-mimalloc/linked_list.rs:2874:#[verifier::external_body]
verus-mimalloc/linked_list.rs:3020:#[verifier::external_body]
verus-mimalloc/linked_list.rs:3024:#[verifier::external_body]
verus-mimalloc/linked_list.rs:3211:#[verifier::external_body]
verus-mimalloc/linked_list.rs:3266:#[verifier::external_body]
verus-mimalloc/linked_list.rs:3818:#[verifier::external_body]
verus-mimalloc/os_mem_util.rs:16:    #[verifier::external_body]
### remaining assume(false)
verus-mimalloc/bitmap.rs:93:        assume(false); loop { }
verus-mimalloc/config.rs:136://pub fn option_decommit_delay() -> i64 { assume(false); 1 /*25*/ }
verus-mimalloc/config.rs:137://pub fn option_decommit_extend_delay() -> i64 { assume(false); 0 /*1*/ }
### remaining uninterp
verus-mimalloc/os_mem.rs:113:    pub uninterp spec fn view(self) -> OsMemData;
verus-mimalloc/thread.rs:37:    pub uninterp spec fn view(&self) -> ThreadId;
### remaining admit
### remaining verifier external
verus-mimalloc/lib.rs:119:#[verifier::external]
verus-mimalloc/lib.rs:138:#[verifier::external]
verus-mimalloc/lib.rs:149:#[verifier::external]
verus-mimalloc/lib.rs:157:#[verifier::external]
verus-mimalloc/lib.rs:164:#[verifier::external]
verus-mimalloc/lib.rs:198:#[verifier::external]
verus-mimalloc/lib.rs:205:#[verifier::external]
verus-mimalloc/lib.rs:212:#[verifier::external]
verus-mimalloc/lib.rs:219:#[verifier::external]
verus-mimalloc/lib.rs:226:#[verifier::external]
verus-mimalloc/lib.rs:233:#[verifier::external]
verus-mimalloc/lib.rs:240:#[verifier::external]
verus-mimalloc/lib.rs:247:#[verifier::external]
verus-mimalloc/lib.rs:254:#[verifier::external]
verus-mimalloc/lib.rs:261:#[verifier::external]
verus-mimalloc/lib.rs:268:#[verifier::external]
verus-mimalloc/lib.rs:275:#[verifier::external]
verus-mimalloc/lib.rs:282:#[verifier::external]
verus-mimalloc/lib.rs:289:#[verifier::external]
verus-mimalloc/lib.rs:296:#[verifier::external]
verus-mimalloc/lib.rs:303:#[verifier::external]
verus-mimalloc/lib.rs:310:#[verifier::external]
verus-mimalloc/lib.rs:317:#[verifier::external]
verus-mimalloc/lib.rs:324:#[verifier::external]
verus-mimalloc/lib.rs:331:#[verifier::external]
verus-mimalloc/lib.rs:338:#[verifier::external]
verus-mimalloc/lib.rs:345:#[verifier::external]
verus-mimalloc/lib.rs:352:#[verifier::external]
verus-mimalloc/lib.rs:359:#[verifier::external]
verus-mimalloc/lib.rs:366:#[verifier::external]
verus-mimalloc/lib.rs:386:    #[verifier::external]
verus-mimalloc/lib.rs:390:    #[verifier::external]
verus-mimalloc/lib.rs:395:    #[verifier::external]
verus-mimalloc/lib.rs:405:    #[verifier::external]
verus-mimalloc/init.rs:1207:#[verifier::external]
verus-mimalloc/os_mem.rs:206:#[verifier::external]
verus-mimalloc/os_mem.rs:221:#[verifier::external]
verus-mimalloc/os_mem.rs:237:#[verifier::external]
verus-mimalloc/os_mem.rs:251:#[verifier::external]
### remaining unimplemented
verus-mimalloc/types.rs:890:        unimplemented!();
verus-mimalloc/types.rs:899:        unimplemented!();
verus-mimalloc/thread.rs:45:    { unimplemented!(); }
verus-mimalloc/thread.rs:50:    { unimplemented!(); }
verus-mimalloc/thread.rs:105:    unimplemented!();
verus-mimalloc/linked_list.rs:2691:        unimplemented!();
verus-mimalloc/os_mem_util.rs:19:        unimplemented!();
