### boundary_guard
boundary_guard: PASS — boundaries intact.
  TCB leaves: no net growth over baseline
  sanctioned permanent TCB: operator-committed manifest present
  frozen top-spec files: 0 (all byte-identical)
  frozen goal targets: 4 (contracts byte-identical)
  retired trust leaves: all replaced by a postcondition
### middle_guard spec-drift
middle_guard spec-drift: baseline 05a630568841 -> working tree (goal-scoped: 4 goal fn(s) + reachable vocabulary)
  checked 29 module(s) in one global snapshot; 0 with contract drift; 2.0s total
middle_guard: no open goal-vocabulary or trusted-contract drift vs frozen baseline. ✅
### middle_guard ast-consistency
middle_guard ast-consistency: baseline 05a630568841 -> working tree
  checked 28 exec file(s); 0 with body edits
middle_guard: exec bodies unchanged vs frozen baseline. ✅
### operator_decisions gate
operator_decisions: gate PASS (no unresolved decisions)
### completion_gate
Auto-starting RA daemon (first run indexes workspace)...
RA daemon ready (16s).
completion_gate: PASS — mission is done-certifiable.
  reachable source-derived graph is closed to sanctioned TCB; 0 net-new trust leaves.
  (combine with a green `make verify` for the full DONE verdict.)
### proof_state next
proof_state: no reachable unresolved frontier.
